---
source: src/tui.rs
expression: buf_string(&buf)
---
┏━━━━━━━━━━━━━Boxt━━━━━━━━━━━━━┓
┃  --                          ┃
┃ hello                        ┃
┃ _   _                        ┃
┃                              ┃
┃                              ┃
┃                              ┃
┗ Move <WASD> Rect <R> Quit <Q>┛
