---
source: src/tui.rs
expression: test.render()
---
┏━━━━━━━━━━━━━Boxt━━━━━━━━━━━━━┓
┃                              ┃
┃                              ┃
┃                              ┃
┃                              ┃
┃                              ┃
┃                              ┃
┗ Move <WASD> Rect <R> Quit <Q>┛
