---
source: src/tui.rs
expression: buf_string(&buf)
---
┏━━━━━━━━━━━━━Boxt━━━━━━━━━━━━━┓
┃+-+                           ┃
┃| |                           ┃
┃+-+                           ┃
┃                              ┃
┃                              ┃
┃                              ┃
┗ Move <WASD> Rect <R> Quit <Q>┛
